// Jest Snapshot v1, https://goo.gl/fbAQLP

exports[`<App> should render Hello World! 1`] = `
<div
  class="app"
/>
`;
